[36mvite v5.4.21 [32mbuilding for production...[36m[39m
transforming...
[32mÔ£ô[39m 1527 modules transformed.
rendering chunks...
computing gzip size...
[2mdist/[22m[32mindex.html                 [39m[1m[2m  0.85 kB[22m[1m[22m[2m Ôöé gzip:  0.47 kB[22m
[2mdist/[22m[35massets/index-Da2mM3M9.css  [39m[1m[2m 23.01 kB[22m[1m[22m[2m Ôöé gzip:  5.33 kB[22m
[2mdist/[22m[36massets/index-D_VfaMRq.js   [39m[1m[2m240.01 kB[22m[1m[22m[2m Ôöé gzip: 76.54 kB[22m
[32mÔ£ô built in 2.42s[39m
